<root note="this node is not relevant to the test">
	<trackingNumbers>
		<trackingNumber>
			<shipperID>Speedy</shipperID>
			<shipmentNumber>
				ZX5-20030294-731
			</shipmentNumber>
		</trackingNumber><trackingNumber>
			<shipperID>Acme</shipperID>
			<shipmentNumber>
				Previous0987
			</shipmentNumber>
		</trackingNumber>
	</trackingNumbers>
</root>